* This is the StructMobWeight report file that is output every time the server starts.
* 
* Spawn Balance Utility (SBU) will use this file ONLY if it is renamed to StructMobWeight.csv.
* Lines starting with '*' are comments and ignored
* It allows you to add and remove mobs and adjust their spawnweights for Structures
* like shipwrecks, nether fortresses, water monuments, etc.
* 
1, legendary_monsters:abandoned_crypt, HEADING, header:ignore, 0, 0, 0
2, faded_conquest_2:abandoned_lab, HEADING, header:ignore, 0, 0, 0
3, biomeswevegone:abandoned_prairie_house, HEADING, header:ignore, 0, 0, 0
4, idas:abandonedhouse, HEADING, header:ignore, 0, 0, 0
5, faded_conquest_2:abyss_tree, HEADING, header:ignore, 0, 0, 0
6, alexscaves:abyssal_ruins, HEADING, header:ignore, 0, 0, 0
7, alexscaves:abyssal_ruins, MONSTER, alexscaves:mine_guardian, 10, 1, 2
8, faded_conquest_2:abysstree_3, HEADING, header:ignore, 0, 0, 0
9, faded_conquest_2:abysstree_4, HEADING, header:ignore, 0, 0, 0
10, faded_conquest_2:abysstree_8, HEADING, header:ignore, 0, 0, 0
11, faded_conquest_2:abystree_2, HEADING, header:ignore, 0, 0, 0
12, alexscaves:acid_pit, HEADING, header:ignore, 0, 0, 0
13, faded_conquest_2:aero_guardian_temple, HEADING, header:ignore, 0, 0, 0
14, farmers_structures:aether, HEADING, header:ignore, 0, 0, 0
15, integrated_villages:airship_village, HEADING, header:ignore, 0, 0, 0
16, betternether:altars, HEADING, header:ignore, 0, 0, 0
17, irons_spellbooks:ancient_battleground, HEADING, header:ignore, 0, 0, 0
18, minecraft:ancient_city, HEADING, header:ignore, 0, 0, 0
19, ancient_aether:ancient_dungeon, HEADING, header:ignore, 0, 0, 0
20, cataclysm:ancient_factory, HEADING, header:ignore, 0, 0, 0
21, idas:ancient_mines, HEADING, header:ignore, 0, 0, 0
22, idas:ancient_mines, MONSTER, minecraft:silverfish, 1, 1, 1
23, idas:ancient_mines, MONSTER, quark:wraith, 1, 1, 1
24, idas:ancient_portal/ancient_portal, HEADING, header:ignore, 0, 0, 0
25, idas:ancient_portal/ancient_portal, MONSTER, minecraft:silverfish, 3, 1, 4
26, idas:ancient_portal/ancient_portal, MONSTER, quark:wraith, 3, 1, 4
27, idas:ancient_portal/nether_ancient_portal, HEADING, header:ignore, 0, 0, 0
28, idas:ancient_portal/nether_ancient_portal, MONSTER, quark:wraith, 10, 1, 1
29, idas:ancient_statue/ancient_statue_desert, HEADING, header:ignore, 0, 0, 0
30, idas:ancient_statue/ancient_statue_jungle, HEADING, header:ignore, 0, 0, 0
31, idas:ancient_statue/ancient_statue_plains, HEADING, header:ignore, 0, 0, 0
32, legendary_monsters:ancient_stronghold, HEADING, header:ignore, 0, 0, 0
33, legendary_monsters:ancient_stronghold, MONSTER, legendary_monsters:spiky_bug, 1, 1, 2
34, legendary_monsters:ancient_tower_remains, HEADING, header:ignore, 0, 0, 0
35, realmrpg_quests:anglers, HEADING, header:ignore, 0, 0, 0
36, idas:animal_den/forest_den, HEADING, header:ignore, 0, 0, 0
37, idas:animal_den/foxhound_den, HEADING, header:ignore, 0, 0, 0
38, idas:animal_den/polar_bear_den, HEADING, header:ignore, 0, 0, 0
39, idas:apothecary_abode, HEADING, header:ignore, 0, 0, 0
40, farmers_structures:aquaculture_beach, HEADING, header:ignore, 0, 0, 0
41, farmers_structures:aquaculture_carp, HEADING, header:ignore, 0, 0, 0
42, farmers_structures:aquaculture_common, HEADING, header:ignore, 0, 0, 0
43, idas:ars_nouveau/archmages_tower, HEADING, header:ignore, 0, 0, 0
44, minecolonies:asian_colony, HEADING, header:ignore, 0, 0, 0
45, minecolonies:asian_colony, CREATURE, minecraft:cat, 10, 1, 2
46, biomeswevegone:aspen_manor_1, HEADING, header:ignore, 0, 0, 0
47, biomeswevegone:aspen_manor_1, MONSTER, minecraft:vindicator, 10, 2, 4
48, biomeswevegone:aspen_manor_2, HEADING, header:ignore, 0, 0, 0
49, biomeswevegone:aspen_manor_2, MONSTER, minecraft:vindicator, 10, 2, 4
50, mes:astral_hideaway, HEADING, header:ignore, 0, 0, 0
51, mes:astral_meteorite, HEADING, header:ignore, 0, 0, 0
52, the_awakening_of_the_elder_souls:badlands_ancient_monument_1, HEADING, header:ignore, 0, 0, 0
53, the_awakening_of_the_elder_souls:badlands_ancient_monument_2, HEADING, header:ignore, 0, 0, 0
54, takesapillage:bastille, HEADING, header:ignore, 0, 0, 0
55, minecraft:bastion_remnant, HEADING, header:ignore, 0, 0, 0
56, idas:bazaar, HEADING, header:ignore, 0, 0, 0
57, mvs:beach_bar, HEADING, header:ignore, 0, 0, 0
58, idas:bearclaw_inn, HEADING, header:ignore, 0, 0, 0
59, idas:beekeepers_house, HEADING, header:ignore, 0, 0, 0
60, mss:birch_river, HEADING, header:ignore, 0, 0, 0
61, minecells:black_bridge, HEADING, header:ignore, 0, 0, 0
62, eeeabsmobs:bloody_altar, HEADING, header:ignore, 0, 0, 0
63, idas:brickhouse, HEADING, header:ignore, 0, 0, 0
64, aether:bronze_dungeon, HEADING, header:ignore, 0, 0, 0
65, minecraft:buried_treasure, HEADING, header:ignore, 0, 0, 0
66, cataclysm:burning_arena, HEADING, header:ignore, 0, 0, 0
67, mss:calcite_house, HEADING, header:ignore, 0, 0, 0
68, minecolonies:caledonia_colony, HEADING, header:ignore, 0, 0, 0
69, minecolonies:caledonia_colony, CREATURE, minecraft:cat, 10, 1, 2
70, mvs:cartographer_tower, HEADING, header:ignore, 0, 0, 0
71, mvs:carts/cart, HEADING, header:ignore, 0, 0, 0
72, mvs:carts/large_cart_1, HEADING, header:ignore, 0, 0, 0
73, mvs:carts/large_cart_2, HEADING, header:ignore, 0, 0, 0
74, mvs:carts/medium_bamboo_cart, HEADING, header:ignore, 0, 0, 0
75, dungeons_enhanced:castle, HEADING, header:ignore, 0, 0, 0
76, idas:castle, HEADING, header:ignore, 0, 0, 0
77, medievalend:castle, HEADING, header:ignore, 0, 0, 0
78, mss:castle_ruin, HEADING, header:ignore, 0, 0, 0
79, mss:castle_tower, HEADING, header:ignore, 0, 0, 0
80, eidolon:catacomb, HEADING, header:ignore, 0, 0, 0
81, eidolon:catacomb, MONSTER, eidolon:giant_skeleton, 10, 1, 5
82, irons_spellbooks:catacombs, HEADING, header:ignore, 0, 0, 0
83, irons_spellbooks:catacombs, MONSTER, irons_spellbooks:catacombs_zombie, 10, 1, 1
84, irons_spellbooks:catacombs, MONSTER, minecraft:skeleton, 5, 1, 1
85, irons_spellbooks:catacombs, MONSTER, irons_spellbooks:necromancer, 2, 1, 1
86, mvs:cathedral, HEADING, header:ignore, 0, 0, 0
87, mvs:cathedral, MONSTER, minecraft:skeleton, 1, 1, 2
88, mvs:cathedral, MONSTER, minecraft:zombie, 2, 2, 5
89, soulsweapons:cathedral_of_resurrection, HEADING, header:ignore, 0, 0, 0
90, soulsweapons:cathedral_of_resurrection, MONSTER, soulsweapons:dark_sorcerer, 10, 1, 4
91, soulsweapons:champions_graves, HEADING, header:ignore, 0, 0, 0
92, mss:cherry_river, HEADING, header:ignore, 0, 0, 0
93, mns:circle_blackstone, HEADING, header:ignore, 0, 0, 0
94, mns:circle_nether_brick, HEADING, header:ignore, 0, 0, 0
95, legendary_monsters:cloudy_temple, HEADING, header:ignore, 0, 0, 0
96, minecolonies:colonial_colony, HEADING, header:ignore, 0, 0, 0
97, minecolonies:colonial_colony, CREATURE, minecraft:cat, 10, 1, 2
98, farmers_structures:cook, HEADING, header:ignore, 0, 0, 0
99, farmers_structures:cook_moss, HEADING, header:ignore, 0, 0, 0
100, farmers_structures:cook_nether_1, HEADING, header:ignore, 0, 0, 0
101, farmers_structures:cook_nether_2, HEADING, header:ignore, 0, 0, 0
102, realmrpg_quests:cooks, HEADING, header:ignore, 0, 0, 0
103, soulsweapons:corrupt_altar, HEADING, header:ignore, 0, 0, 0
104, dungeons_arise_seven_seas:corsair_corvette, HEADING, header:ignore, 0, 0, 0
105, idas:cottage, HEADING, header:ignore, 0, 0, 0
106, valoria:crypt, HEADING, header:ignore, 0, 0, 0
107, valoria:crypt, AMBIENT, minecraft:bat, 2, 1, 3
108, valoria:crypt, AMBIENT, minecraft:skeleton, 1, 1, 2
109, mvs:crystal, HEADING, header:ignore, 0, 0, 0
110, valoria:crystallized_deep_ruins, HEADING, header:ignore, 0, 0, 0
111, cataclysm:cursed_pyramid, HEADING, header:ignore, 0, 0, 0
112, mvs:dead_tree/acacia, HEADING, header:ignore, 0, 0, 0
113, mvs:dead_tree/birch, HEADING, header:ignore, 0, 0, 0
114, mvs:dead_tree/cherry, HEADING, header:ignore, 0, 0, 0
115, mvs:dead_tree/dark_oak, HEADING, header:ignore, 0, 0, 0
116, mvs:dead_tree/jungle, HEADING, header:ignore, 0, 0, 0
117, mvs:dead_tree/mangrove, HEADING, header:ignore, 0, 0, 0
118, mvs:dead_tree/oak, HEADING, header:ignore, 0, 0, 0
119, mvs:dead_tree/spruce, HEADING, header:ignore, 0, 0, 0
120, soulsweapons:decaying_kingdom, HEADING, header:ignore, 0, 0, 0
121, dungeons_enhanced:deep_crypt, HEADING, header:ignore, 0, 0, 0
122, the_awakening_of_the_elder_souls:desert_ancient_monument_1, HEADING, header:ignore, 0, 0, 0
123, the_awakening_of_the_elder_souls:desert_ancient_monument_2, HEADING, header:ignore, 0, 0, 0
124, idas:desert_camp/desert_camp, HEADING, header:ignore, 0, 0, 0
125, idas:desert_camp/desert_camp_bygwindswept, HEADING, header:ignore, 0, 0, 0
126, idas:desert_camp/desert_camp_orange, HEADING, header:ignore, 0, 0, 0
127, idas:desert_camp/desert_camp_red, HEADING, header:ignore, 0, 0, 0
128, idas:desert_market/desert_market, HEADING, header:ignore, 0, 0, 0
129, idas:desert_market/desert_market_orange, HEADING, header:ignore, 0, 0, 0
130, idas:desert_market/desert_market_red, HEADING, header:ignore, 0, 0, 0
131, idas:desert_pyramid, HEADING, header:ignore, 0, 0, 0
132, minecraft:desert_pyramid, HEADING, header:ignore, 0, 0, 0
133, mss:desert_pyramid, HEADING, header:ignore, 0, 0, 0
134, dungeons_enhanced:desert_temple, HEADING, header:ignore, 0, 0, 0
135, dungeons_enhanced:desert_tomb, HEADING, header:ignore, 0, 0, 0
136, revampedvillages:desert_village, HEADING, header:ignore, 0, 0, 0
137, mss:desert_well, HEADING, header:ignore, 0, 0, 0
138, minecolonies:desertoasis_colony, HEADING, header:ignore, 0, 0, 0
139, minecolonies:desertoasis_colony, CREATURE, minecraft:cat, 10, 1, 2
140, idas:dig_site/dig_site, HEADING, header:ignore, 0, 0, 0
141, idas:dig_site/dig_site_desert, HEADING, header:ignore, 0, 0, 0
142, alexscaves:dino_bowl, HEADING, header:ignore, 0, 0, 0
143, mss:diorite_house, HEADING, header:ignore, 0, 0, 0
144, biomeswevegone:dripstone_arch, HEADING, header:ignore, 0, 0, 0
145, dungeons_enhanced:druid_circle, HEADING, header:ignore, 0, 0, 0
146, dungeons_enhanced:dungeon_variant, HEADING, header:ignore, 0, 0, 0
147, dungeons_enhanced:elders_temple, HEADING, header:ignore, 0, 0, 0
148, dungeons_enhanced:elders_temple, MONSTER, minecraft:guardian, 1, 2, 4
149, idas:enchantingtower, HEADING, header:ignore, 0, 0, 0
150, minecraft:end_city, HEADING, header:ignore, 0, 0, 0
151, minecraft:end_city, MONSTER, alexsmobs:mimicube, 5, 1, 3
152, betterend:end_village, HEADING, header:ignore, 0, 0, 0
153, mes:ender_spire, HEADING, header:ignore, 0, 0, 0
154, mes:enderbloom_grove, HEADING, header:ignore, 0, 0, 0
155, mes:enderkeep_courtyard, HEADING, header:ignore, 0, 0, 0
156, mes:enderpin_spikes, HEADING, header:ignore, 0, 0, 0
157, mes:enderskog, HEADING, header:ignore, 0, 0, 0
158, mes:enderwatch_tower, HEADING, header:ignore, 0, 0, 0
159, mes:endscraps, HEADING, header:ignore, 0, 0, 0
160, betterend:eternal_portal, HEADING, header:ignore, 0, 0, 0
161, irons_spellbooks:evoker_fort, HEADING, header:ignore, 0, 0, 0
162, irons_spellbooks:evoker_fort, MONSTER, minecraft:pillager, 10, 2, 3
163, irons_spellbooks:evoker_fort, MONSTER, minecraft:vindicator, 5, 4, 4
164, idas:farmhouse, HEADING, header:ignore, 0, 0, 0
165, faded_conquest_2:fc_battleroom, HEADING, header:ignore, 0, 0, 0
166, alexscaves:ferrocave, HEADING, header:ignore, 0, 0, 0
167, idas:fishermans_lodge, HEADING, header:ignore, 0, 0, 0
168, dungeons_enhanced:fishing_ship, HEADING, header:ignore, 0, 0, 0
169, dungeons_enhanced:flying_dutchman, HEADING, header:ignore, 0, 0, 0
170, alexscaves:forlorn_bridge, HEADING, header:ignore, 0, 0, 0
171, alexscaves:forlorn_canyon, HEADING, header:ignore, 0, 0, 0
172, medieval_buildings:fort, HEADING, header:ignore, 0, 0, 0
173, betterfortresses:fortress, HEADING, header:ignore, 0, 0, 0
174, betterfortresses:fortress, MONSTER, minecraft:blaze, 10, 2, 3
175, betterfortresses:fortress, MONSTER, minecraft:zombified_piglin, 5, 4, 4
176, betterfortresses:fortress, MONSTER, minecraft:wither_skeleton, 8, 5, 5
177, betterfortresses:fortress, MONSTER, minecraft:skeleton, 2, 5, 5
178, betterfortresses:fortress, MONSTER, minecraft:magma_cube, 3, 4, 4
179, minecraft:fortress, HEADING, header:ignore, 0, 0, 0
180, minecraft:fortress, MONSTER, minecraft:blaze, 10, 2, 3
181, minecraft:fortress, MONSTER, minecraft:zombified_piglin, 5, 4, 4
182, minecraft:fortress, MONSTER, minecraft:wither_skeleton, 8, 5, 5
183, minecraft:fortress, MONSTER, minecraft:skeleton, 2, 5, 5
184, minecraft:fortress, MONSTER, minecraft:magma_cube, 3, 4, 4
185, minecraft:fortress, MONSTER, cataclysm:ignited_berserker, 1, 1, 1
186, legendary_monsters:frostbitten_temple, HEADING, header:ignore, 0, 0, 0
187, mowziesmobs:frostmaw_spawn, HEADING, header:ignore, 0, 0, 0
188, idas:frozen_crypt, HEADING, header:ignore, 0, 0, 0
189, mss:frozen_pond, HEADING, header:ignore, 0, 0, 0
190, mvs:gallows, HEADING, header:ignore, 0, 0, 0
191, betternether:gardens, HEADING, header:ignore, 0, 0, 0
192, bosses_of_mass_destruction:gauntlet_arena, HEADING, header:ignore, 0, 0, 0
193, betternether:ghast_hive, HEADING, header:ignore, 0, 0, 0
194, betterend:giant_ice_star, HEADING, header:ignore, 0, 0, 0
195, betterend:giant_mossy_glowshroom, HEADING, header:ignore, 0, 0, 0
196, goblins_tyranny:goblins_caravan, HEADING, header:ignore, 0, 0, 0
197, goblins_tyranny:goblins_spot, HEADING, header:ignore, 0, 0, 0
198, goblins_tyranny:goblinscamp, HEADING, header:ignore, 0, 0, 0
199, aether:gold_dungeon, HEADING, header:ignore, 0, 0, 0
200, iceandfire:gorgon_temple, HEADING, header:ignore, 0, 0, 0
201, mns:grave_yard, HEADING, header:ignore, 0, 0, 0
202, iceandfire:graveyard, HEADING, header:ignore, 0, 0, 0
203, eeeabsmobs:guling, HEADING, header:ignore, 0, 0, 0
204, idas:haunted_manor, HEADING, header:ignore, 0, 0, 0
205, idas:haunted_manor, MONSTER, quark:wraith, 3, 3, 4
206, dungeons_enhanced:hay_storage, HEADING, header:ignore, 0, 0, 0
207, realmrpg_quests:headless_skeletons, HEADING, header:ignore, 0, 0, 0
208, faded_conquest_2:heiroglyph, HEADING, header:ignore, 0, 0, 0
209, idas:hermits_hollow, HEADING, header:ignore, 0, 0, 0
210, ancient_aether:holystone_ruin, HEADING, header:ignore, 0, 0, 0
211, mvs:horse_pen, HEADING, header:ignore, 0, 0, 0
212, medievalend:house, HEADING, header:ignore, 0, 0, 0
213, medieval_buildings:house_1, HEADING, header:ignore, 0, 0, 0
214, medieval_buildings:house_2, HEADING, header:ignore, 0, 0, 0
215, mvs:houses/azelea_house, HEADING, header:ignore, 0, 0, 0
216, mvs:houses/barn, HEADING, header:ignore, 0, 0, 0
217, mvs:houses/deepslate_house, HEADING, header:ignore, 0, 0, 0
218, mvs:houses/desert_house, HEADING, header:ignore, 0, 0, 0
219, mvs:houses/flower_hole, HEADING, header:ignore, 0, 0, 0
220, mvs:houses/house, HEADING, header:ignore, 0, 0, 0
221, mvs:houses/large_floating_island, HEADING, header:ignore, 0, 0, 0
222, mvs:houses/large_warped_tower, HEADING, header:ignore, 0, 0, 0
223, mvs:houses/medium_igloo_1, HEADING, header:ignore, 0, 0, 0
224, mvs:houses/medium_igloo_2, HEADING, header:ignore, 0, 0, 0
225, mvs:houses/small_igloo, HEADING, header:ignore, 0, 0, 0
226, mvs:houses/small_swamp_house, HEADING, header:ignore, 0, 0, 0
227, mvs:houses/tall_house, HEADING, header:ignore, 0, 0, 0
228, mvs:houses/warped_house, HEADING, header:ignore, 0, 0, 0
229, idas:hunters_cabin, HEADING, header:ignore, 0, 0, 0
230, aquamirae:ice_maze/arch, HEADING, header:ignore, 0, 0, 0
231, aquamirae:ice_maze/arch, MONSTER, aquamirae:maw, 10, 1, 2
232, aquamirae:ice_maze/arch, AMBIENT, aquamirae:golden_moth, 3, 1, 2
233, aquamirae:ice_maze/common, HEADING, header:ignore, 0, 0, 0
234, aquamirae:ice_maze/common, MONSTER, aquamirae:maw, 10, 1, 2
235, aquamirae:ice_maze/spiral, HEADING, header:ignore, 0, 0, 0
236, aquamirae:ice_maze/spiral, MONSTER, aquamirae:maw, 10, 2, 6
237, dungeons_enhanced:ice_pit, HEADING, header:ignore, 0, 0, 0
238, idas:iceandfire/dread_citadel, HEADING, header:ignore, 0, 0, 0
239, minecraft:igloo, HEADING, header:ignore, 0, 0, 0
240, irons_spellbooks:impaled_icebreaker, HEADING, header:ignore, 0, 0, 0
241, minecolonies:incan_colony, HEADING, header:ignore, 0, 0, 0
242, minecolonies:incan_colony, CREATURE, minecraft:cat, 10, 1, 2
243, minecells:insufferable_crypt, HEADING, header:ignore, 0, 0, 0
244, biomeswevegone:ironwood_gour_plateau, HEADING, header:ignore, 0, 0, 0
245, mss:jungle, HEADING, header:ignore, 0, 0, 0
246, dungeons_enhanced:jungle_monument, HEADING, header:ignore, 0, 0, 0
247, minecraft:jungle_pyramid, HEADING, header:ignore, 0, 0, 0
248, betterjungletemples:jungle_temple, HEADING, header:ignore, 0, 0, 0
249, betternether:jungle_temples, HEADING, header:ignore, 0, 0, 0
250, mvs:jungle_tower, HEADING, header:ignore, 0, 0, 0
251, faded_conquest_2:knightbattleground, HEADING, header:ignore, 0, 0, 0
252, integrated_villages:kutcha_village, HEADING, header:ignore, 0, 0, 0
253, eidolon:lab, HEADING, header:ignore, 0, 0, 0
254, idas:labyrinth, HEADING, header:ignore, 0, 0, 0
255, mvs:lantern/medium_oak_lantern, HEADING, header:ignore, 0, 0, 0
256, mvs:lantern/small_acacia_lantern, HEADING, header:ignore, 0, 0, 0
257, mvs:lantern/small_bamboo_lantern, HEADING, header:ignore, 0, 0, 0
258, mvs:lantern/small_birch_lantern, HEADING, header:ignore, 0, 0, 0
259, mvs:lantern/small_campfire_lantern, HEADING, header:ignore, 0, 0, 0
260, mvs:lantern/small_cherry_lantern, HEADING, header:ignore, 0, 0, 0
261, mvs:lantern/small_dark_oak_lantern, HEADING, header:ignore, 0, 0, 0
262, mvs:lantern/small_jungle_lantern, HEADING, header:ignore, 0, 0, 0
263, mvs:lantern/small_mangrove_lantern, HEADING, header:ignore, 0, 0, 0
264, mvs:lantern/small_oak_lantern, HEADING, header:ignore, 0, 0, 0
265, mvs:lantern/small_spruce_lantern, HEADING, header:ignore, 0, 0, 0
266, aether:large_aercloud, HEADING, header:ignore, 0, 0, 0
267, mns:large_blackstone_pillars, HEADING, header:ignore, 0, 0, 0
268, mns:large_blackstone_walls, HEADING, header:ignore, 0, 0, 0
269, biomeswevegone:large_cold_lake, HEADING, header:ignore, 0, 0, 0
270, biomeswevegone:large_cold_lake, WATER_AMBIENT, minecraft:salmon, 5, 4, 10
271, dungeons_enhanced:large_dungeon, HEADING, header:ignore, 0, 0, 0
272, mns:large_nether_brick, HEADING, header:ignore, 0, 0, 0
273, mss:large_tower, HEADING, header:ignore, 0, 0, 0
274, legendary_monsters:lava_eater_spawn, HEADING, header:ignore, 0, 0, 0
275, mns:lava_pool, HEADING, header:ignore, 0, 0, 0
276, mss:leaf_hollow, HEADING, header:ignore, 0, 0, 0
277, bosses_of_mass_destruction:lich_tower, HEADING, header:ignore, 0, 0, 0
278, faded_conquest_2:lich_tower, HEADING, header:ignore, 0, 0, 0
279, mvs:log_pile/acacia_log_pile, HEADING, header:ignore, 0, 0, 0
280, mvs:log_pile/birch_log_pile, HEADING, header:ignore, 0, 0, 0
281, mvs:log_pile/dark_oak_log_pile, HEADING, header:ignore, 0, 0, 0
282, mvs:log_pile/jungle_log_pile, HEADING, header:ignore, 0, 0, 0
283, mvs:log_pile/oak_log_pile, HEADING, header:ignore, 0, 0, 0
284, mvs:log_pile/spruce_log_pile, HEADING, header:ignore, 0, 0, 0
285, tlc:lost_castle, HEADING, header:ignore, 0, 0, 0
286, minecolonies:lostmesacity_colony, HEADING, header:ignore, 0, 0, 0
287, minecolonies:lostmesacity_colony, CREATURE, minecraft:cat, 10, 1, 2
288, idas:lumber_camp/lumber_camp_acacia, HEADING, header:ignore, 0, 0, 0
289, idas:lumber_camp/lumber_camp_birch, HEADING, header:ignore, 0, 0, 0
290, idas:lumber_camp/lumber_camp_bopmahogany, HEADING, header:ignore, 0, 0, 0
291, idas:lumber_camp/lumber_camp_bopredwood, HEADING, header:ignore, 0, 0, 0
292, idas:lumber_camp/lumber_camp_bygmahogany, HEADING, header:ignore, 0, 0, 0
293, idas:lumber_camp/lumber_camp_bygredwood, HEADING, header:ignore, 0, 0, 0
294, idas:lumber_camp/lumber_camp_dark_oak, HEADING, header:ignore, 0, 0, 0
295, idas:lumber_camp/lumber_camp_jungle, HEADING, header:ignore, 0, 0, 0
296, idas:lumber_camp/lumber_camp_oak, HEADING, header:ignore, 0, 0, 0
297, idas:lumber_camp/lumber_camp_spruce, HEADING, header:ignore, 0, 0, 0
298, realmrpg_quests:lumberjacks, HEADING, header:ignore, 0, 0, 0
299, biomeswevegone:lush_arch, HEADING, header:ignore, 0, 0, 0
300, mss:mangrove, HEADING, header:ignore, 0, 0, 0
301, irons_spellbooks:mangrove_hut, HEADING, header:ignore, 0, 0, 0
302, minecraft:mansion, HEADING, header:ignore, 0, 0, 0
303, mes:manuscript_shrine, HEADING, header:ignore, 0, 0, 0
304, iceandfire:mausoleum, HEADING, header:ignore, 0, 0, 0
305, minecolonies:medieval_birch_colony, HEADING, header:ignore, 0, 0, 0
306, minecolonies:medieval_birch_colony, CREATURE, minecraft:cat, 10, 1, 2
307, minecolonies:medieval_dark_oak_colony, HEADING, header:ignore, 0, 0, 0
308, minecolonies:medieval_dark_oak_colony, CREATURE, minecraft:cat, 10, 1, 2
309, minecolonies:medieval_oak_colony, HEADING, header:ignore, 0, 0, 0
310, minecolonies:medieval_oak_colony, CREATURE, minecraft:cat, 10, 1, 2
311, minecolonies:medieval_spruce_colony, HEADING, header:ignore, 0, 0, 0
312, minecolonies:medieval_spruce_colony, CREATURE, minecraft:cat, 10, 1, 2
313, integrated_villages:mediterranean_village, HEADING, header:ignore, 0, 0, 0
314, mns:medium_blackstone, HEADING, header:ignore, 0, 0, 0
315, mns:medium_crimson_fungus, HEADING, header:ignore, 0, 0, 0
316, mns:medium_crimson_fungus_2, HEADING, header:ignore, 0, 0, 0
317, mns:medium_crimson_well, HEADING, header:ignore, 0, 0, 0
318, valoria:medium_crypt, HEADING, header:ignore, 0, 0, 0
319, valoria:medium_crypt, AMBIENT, minecraft:bat, 2, 1, 3
320, valoria:medium_crypt, AMBIENT, minecraft:skeleton, 1, 1, 2
321, mns:medium_house, HEADING, header:ignore, 0, 0, 0
322, mns:medium_house_2, HEADING, header:ignore, 0, 0, 0
323, mns:medium_warped_fungus, HEADING, header:ignore, 0, 0, 0
324, mns:medium_warped_fungus_2, HEADING, header:ignore, 0, 0, 0
325, mns:medium_warped_well, HEADING, header:ignore, 0, 0, 0
326, betterend:megalake, HEADING, header:ignore, 0, 0, 0
327, betterend:megalake_small, HEADING, header:ignore, 0, 0, 0
328, realmrpg_quests:miners, HEADING, header:ignore, 0, 0, 0
329, dungeons_enhanced:miners_house, HEADING, header:ignore, 0, 0, 0
330, minecraft:mineshaft, HEADING, header:ignore, 0, 0, 0
331, minecraft:mineshaft, AMBIENT, alexsmobs:underminer, 5, 1, 1
332, bettermineshafts:mineshaft_acacia, HEADING, header:ignore, 0, 0, 0
333, bettermineshafts:mineshaft_acacia, AMBIENT, alexsmobs:underminer, 5, 1, 1
334, bettermineshafts:mineshaft_desert, HEADING, header:ignore, 0, 0, 0
335, bettermineshafts:mineshaft_desert, AMBIENT, alexsmobs:underminer, 5, 1, 1
336, bettermineshafts:mineshaft_dripstone, HEADING, header:ignore, 0, 0, 0
337, bettermineshafts:mineshaft_dripstone, AMBIENT, alexsmobs:underminer, 5, 1, 1
338, bettermineshafts:mineshaft_ice, HEADING, header:ignore, 0, 0, 0
339, bettermineshafts:mineshaft_ice, AMBIENT, alexsmobs:underminer, 5, 1, 1
340, bettermineshafts:mineshaft_jungle, HEADING, header:ignore, 0, 0, 0
341, bettermineshafts:mineshaft_jungle, AMBIENT, alexsmobs:underminer, 5, 1, 1
342, bettermineshafts:mineshaft_lush, HEADING, header:ignore, 0, 0, 0
343, bettermineshafts:mineshaft_lush, AMBIENT, alexsmobs:underminer, 5, 1, 1
344, bettermineshafts:mineshaft_mesa, HEADING, header:ignore, 0, 0, 0
345, bettermineshafts:mineshaft_mesa, AMBIENT, alexsmobs:underminer, 5, 1, 1
346, minecraft:mineshaft_mesa, HEADING, header:ignore, 0, 0, 0
347, minecraft:mineshaft_mesa, AMBIENT, alexsmobs:underminer, 5, 1, 1
348, bettermineshafts:mineshaft_mushroom, HEADING, header:ignore, 0, 0, 0
349, bettermineshafts:mineshaft_mushroom, AMBIENT, alexsmobs:underminer, 5, 1, 1
350, bettermineshafts:mineshaft_oak, HEADING, header:ignore, 0, 0, 0
351, bettermineshafts:mineshaft_oak, AMBIENT, alexsmobs:underminer, 5, 1, 1
352, bettermineshafts:mineshaft_overgrown, HEADING, header:ignore, 0, 0, 0
353, bettermineshafts:mineshaft_overgrown, AMBIENT, alexsmobs:underminer, 5, 1, 1
354, bettermineshafts:mineshaft_red_desert, HEADING, header:ignore, 0, 0, 0
355, bettermineshafts:mineshaft_red_desert, AMBIENT, alexsmobs:underminer, 5, 1, 1
356, bettermineshafts:mineshaft_spruce, HEADING, header:ignore, 0, 0, 0
357, bettermineshafts:mineshaft_spruce, AMBIENT, alexsmobs:underminer, 5, 1, 1
358, bettermineshafts:mineshaft_spruce_snowy, HEADING, header:ignore, 0, 0, 0
359, bettermineshafts:mineshaft_spruce_snowy, AMBIENT, alexsmobs:underminer, 5, 1, 1
360, faded_conquest_2:mirrorrealmvoid, HEADING, header:ignore, 0, 0, 0
361, mes:monolith, HEADING, header:ignore, 0, 0, 0
362, realmrpg_quests:monster_hunters, HEADING, header:ignore, 0, 0, 0
363, dungeons_enhanced:monster_maze, HEADING, header:ignore, 0, 0, 0
364, minecraft:monument, HEADING, header:ignore, 0, 0, 0
365, minecraft:monument, MONSTER, minecraft:guardian, 1, 2, 4
366, legendary_monsters:mossy_temple, HEADING, header:ignore, 0, 0, 0
367, betterend:mountain, HEADING, header:ignore, 0, 0, 0
368, irons_spellbooks:mountain_tower, HEADING, header:ignore, 0, 0, 0
369, mss:mushroom, HEADING, header:ignore, 0, 0, 0
370, dungeons_enhanced:mushroom_house, HEADING, header:ignore, 0, 0, 0
371, ancient_aether:mysterious_henge, HEADING, header:ignore, 0, 0, 0
372, mes:mythic_garden, HEADING, header:ignore, 0, 0, 0
373, mvs:nature/acacia_tree, HEADING, header:ignore, 0, 0, 0
374, mvs:nature/big_oak_tree, HEADING, header:ignore, 0, 0, 0
375, mvs:nature/birch_tree, HEADING, header:ignore, 0, 0, 0
376, mvs:nature/boulder, HEADING, header:ignore, 0, 0, 0
377, mvs:nature/cherry_tree, HEADING, header:ignore, 0, 0, 0
378, mvs:nature/dark_oak_tree, HEADING, header:ignore, 0, 0, 0
379, mvs:nature/floating_islands, HEADING, header:ignore, 0, 0, 0
380, mvs:nature/jungle_palm_tree, HEADING, header:ignore, 0, 0, 0
381, mvs:nature/jungle_tree, HEADING, header:ignore, 0, 0, 0
382, mvs:nature/large_mushroom, HEADING, header:ignore, 0, 0, 0
383, mvs:nature/mushroom_pond, HEADING, header:ignore, 0, 0, 0
384, mvs:nature/oak_tree, HEADING, header:ignore, 0, 0, 0
385, mvs:nature/paths, HEADING, header:ignore, 0, 0, 0
386, mvs:nature/small_oak_pond, HEADING, header:ignore, 0, 0, 0
387, mvs:nature/spruce_tree, HEADING, header:ignore, 0, 0, 0
388, mvs:nature/stone_rock, HEADING, header:ignore, 0, 0, 0
389, idas:necromancers_spire, HEADING, header:ignore, 0, 0, 0
390, idas:necromancers_spire, MONSTER, quark:wraith, 10, 1, 1
391, betternether:nether_city, HEADING, header:ignore, 0, 0, 0
392, minecraft:nether_fossil, HEADING, header:ignore, 0, 0, 0
393, minecraft:nether_fossil, MONSTER, alexsmobs:soul_vulture, 5, 1, 1
394, mss:nether_portal, HEADING, header:ignore, 0, 0, 0
395, idas:nexus, HEADING, header:ignore, 0, 0, 0
396, idas:nexus, MONSTER, minecraft:silverfish, 3, 1, 4
397, idas:nexus, MONSTER, quark:wraith, 3, 1, 4
398, integrated_villages:oasis_village, HEADING, header:ignore, 0, 0, 0
399, bosses_of_mass_destruction:obsidilith_arena, HEADING, header:ignore, 0, 0, 0
400, betteroceanmonuments:ocean_monument, HEADING, header:ignore, 0, 0, 0
401, betteroceanmonuments:ocean_monument, MONSTER, minecraft:guardian, 1, 2, 4
402, minecraft:ocean_ruin_cold, HEADING, header:ignore, 0, 0, 0
403, minecraft:ocean_ruin_warm, HEADING, header:ignore, 0, 0, 0
404, alexscaves:ocean_trench, HEADING, header:ignore, 0, 0, 0
405, aether_villages:olympic_citadel, HEADING, header:ignore, 0, 0, 0
406, theorcs:orc_camp, HEADING, header:ignore, 0, 0, 0
407, mvs:other_decoration/bee_dome, HEADING, header:ignore, 0, 0, 0
408, mvs:other_decoration/bench, HEADING, header:ignore, 0, 0, 0
409, mvs:other_decoration/campsite, HEADING, header:ignore, 0, 0, 0
410, mvs:other_decoration/crimson_enchanting_table, HEADING, header:ignore, 0, 0, 0
411, mvs:other_decoration/desert_pump, HEADING, header:ignore, 0, 0, 0
412, mvs:other_decoration/duck, HEADING, header:ignore, 0, 0, 0
413, mvs:other_decoration/end_scraps/end_scraps_1, HEADING, header:ignore, 0, 0, 0
414, mvs:other_decoration/end_scraps/end_scraps_2, HEADING, header:ignore, 0, 0, 0
415, mvs:other_decoration/end_scraps/end_scraps_3, HEADING, header:ignore, 0, 0, 0
416, mvs:other_decoration/end_scraps/end_scraps_4, HEADING, header:ignore, 0, 0, 0
417, mvs:other_decoration/fire_camp, HEADING, header:ignore, 0, 0, 0
418, mvs:other_decoration/fox_hut, HEADING, header:ignore, 0, 0, 0
419, mvs:other_decoration/haystack, HEADING, header:ignore, 0, 0, 0
420, mvs:other_decoration/horse_campsite, HEADING, header:ignore, 0, 0, 0
421, mvs:other_decoration/lamp_chest, HEADING, header:ignore, 0, 0, 0
422, mvs:other_decoration/lecturn_garden, HEADING, header:ignore, 0, 0, 0
423, mvs:other_decoration/mine_with_campsite, HEADING, header:ignore, 0, 0, 0
424, mvs:other_decoration/mushroom_statue, HEADING, header:ignore, 0, 0, 0
425, mvs:other_decoration/nether_devil, HEADING, header:ignore, 0, 0, 0
426, mvs:other_decoration/pile, HEADING, header:ignore, 0, 0, 0
427, mvs:other_decoration/snowy_dog_hut, HEADING, header:ignore, 0, 0, 0
428, mvs:other_decoration/snowy_fossil, HEADING, header:ignore, 0, 0, 0
429, mvs:other_decoration/stone_bee, HEADING, header:ignore, 0, 0, 0
430, mvs:other_decoration/villager_statue, HEADING, header:ignore, 0, 0, 0
431, mvs:other_decoration/wheat_grain_bin, HEADING, header:ignore, 0, 0, 0
432, mvs:other_decoration/windmill, HEADING, header:ignore, 0, 0, 0
433, mvs:other_decoration/wooden_wheat_farm, HEADING, header:ignore, 0, 0, 0
434, mvs:out_house, HEADING, header:ignore, 0, 0, 0
435, aquamirae:outpost, HEADING, header:ignore, 0, 0, 0
436, aquamirae:outpost, MONSTER, minecraft:pillager, 10, 1, 2
437, aquamirae:outpost, MONSTER, minecraft:vindicator, 5, 1, 1
438, minecells:overworld_portal, HEADING, header:ignore, 0, 0, 0
439, betterend:painted_mountain, HEADING, header:ignore, 0, 0, 0
440, mss:palm_island, HEADING, header:ignore, 0, 0, 0
441, mes:phantom_citadel, HEADING, header:ignore, 0, 0, 0
442, realmrpg_quests:piglin_gamblers, HEADING, header:ignore, 0, 0, 0
443, dungeons_enhanced:pillager_camp, HEADING, header:ignore, 0, 0, 0
444, dungeons_enhanced:pillager_camp, MONSTER, minecraft:pillager, 4, 2, 3
445, dungeons_enhanced:pillager_camp, MONSTER, minecraft:vindicator, 2, 1, 2
446, idas:pillager_camp, HEADING, header:ignore, 0, 0, 0
447, takesapillage:pillager_camp, HEADING, header:ignore, 0, 0, 0
448, idas:pillager_fortress, HEADING, header:ignore, 0, 0, 0
449, minecraft:pillager_outpost, HEADING, header:ignore, 0, 0, 0
450, betternether:pillars, HEADING, header:ignore, 0, 0, 0
451, dungeons_arise_seven_seas:pirate_junk, HEADING, header:ignore, 0, 0, 0
452, dungeons_enhanced:pirate_ship, HEADING, header:ignore, 0, 0, 0
453, dungeons_enhanced:pirate_ship, MONSTER, minecraft:pillager, 4, 3, 4
454, dungeons_enhanced:pirate_ship, MONSTER, minecraft:vindicator, 3, 1, 2
455, integrated_villages:pirate_village, HEADING, header:ignore, 0, 0, 0
456, mes:placid_prairie, HEADING, header:ignore, 0, 0, 0
457, revampedvillages:plains_village, HEADING, header:ignore, 0, 0, 0
458, lost_aether_content:platinum_dungeon, HEADING, header:ignore, 0, 0, 0
459, betternether:portals, HEADING, header:ignore, 0, 0, 0
460, biomeswevegone:prairie_house, HEADING, header:ignore, 0, 0, 0
461, eldritch_end:primordial_tree_big, HEADING, header:ignore, 0, 0, 0
462, minecells:prison, HEADING, header:ignore, 0, 0, 0
463, minecells:promenade, HEADING, header:ignore, 0, 0, 0
464, minecells:promenade_wall_x, HEADING, header:ignore, 0, 0, 0
465, minecells:promenade_wall_z, HEADING, header:ignore, 0, 0, 0
466, betternether:pyramid, HEADING, header:ignore, 0, 0, 0
467, medievalend:pyramid, HEADING, header:ignore, 0, 0, 0
468, irons_spellbooks:pyromancer_tower, HEADING, header:ignore, 0, 0, 0
469, farmers_structures:quark_glimer, HEADING, header:ignore, 0, 0, 0
470, farmers_structures:quark_jungle, HEADING, header:ignore, 0, 0, 0
471, farmers_structures:quark_moss, HEADING, header:ignore, 0, 0, 0
472, farmers_structures:quark_slime, HEADING, header:ignore, 0, 0, 0
473, mvs:railway, HEADING, header:ignore, 0, 0, 0
474, minecells:ramparts, HEADING, header:ignore, 0, 0, 0
475, biomeswevegone:red_rock_arch, HEADING, header:ignore, 0, 0, 0
476, idas:redhorn_guild, HEADING, header:ignore, 0, 0, 0
477, betternether:respawn_points, HEADING, header:ignore, 0, 0, 0
478, biomeswevegone:rugged_fossil, HEADING, header:ignore, 0, 0, 0
479, faded_conquest_2:ruin_1, HEADING, header:ignore, 0, 0, 0
480, faded_conquest_2:ruin_2, HEADING, header:ignore, 0, 0, 0
481, faded_conquest_2:ruin_3, HEADING, header:ignore, 0, 0, 0
482, faded_conquest_2:ruin_4, HEADING, header:ignore, 0, 0, 0
483, dungeons_enhanced:ruined_building, HEADING, header:ignore, 0, 0, 0
484, cataclysm:ruined_citadel, HEADING, header:ignore, 0, 0, 0
485, cataclysm:ruined_citadel, MONSTER, cataclysm:endermaptera, 3, 1, 1
486, mes:ruined_pillar, HEADING, header:ignore, 0, 0, 0
487, aether:ruined_portal, HEADING, header:ignore, 0, 0, 0
488, minecraft:ruined_portal, HEADING, header:ignore, 0, 0, 0
489, aether:ruined_portal_aether, HEADING, header:ignore, 0, 0, 0
490, aether:ruined_portal_desert, HEADING, header:ignore, 0, 0, 0
491, minecraft:ruined_portal_desert, HEADING, header:ignore, 0, 0, 0
492, aether:ruined_portal_jungle, HEADING, header:ignore, 0, 0, 0
493, minecraft:ruined_portal_jungle, HEADING, header:ignore, 0, 0, 0
494, aether:ruined_portal_mountain, HEADING, header:ignore, 0, 0, 0
495, minecraft:ruined_portal_mountain, HEADING, header:ignore, 0, 0, 0
496, minecraft:ruined_portal_nether, HEADING, header:ignore, 0, 0, 0
497, minecraft:ruined_portal_ocean, HEADING, header:ignore, 0, 0, 0
498, aether:ruined_portal_swamp, HEADING, header:ignore, 0, 0, 0
499, minecraft:ruined_portal_swamp, HEADING, header:ignore, 0, 0, 0
500, legendary_monsters:ruined_pyramid, HEADING, header:ignore, 0, 0, 0
501, legendary_monsters:ruined_pyramid, MONSTER, legendary_monsters:bomber, 1, 1, 1
502, mvs:ruins/castle_ruins, HEADING, header:ignore, 0, 0, 0
503, mvs:ruins/log_ruin, HEADING, header:ignore, 0, 0, 0
504, mvs:ruins/ruined_beacon, HEADING, header:ignore, 0, 0, 0
505, mvs:ruins/small_ruin, HEADING, header:ignore, 0, 0, 0
506, mvs:ruins/statue_ruins, HEADING, header:ignore, 0, 0, 0
507, mvs:ruins/stone_pillars, HEADING, header:ignore, 0, 0, 0
508, mvs:ruins/tree_monument, HEADING, header:ignore, 0, 0, 0
509, idas:ruins_of_the_deep, HEADING, header:ignore, 0, 0, 0
510, revampedvillages:savanna_village, HEADING, header:ignore, 0, 0, 0
511, ancient_aether:sentry_laboratory, HEADING, header:ignore, 0, 0, 0
512, biomeswevegone:sharpened_rock, HEADING, header:ignore, 0, 0, 0
513, mvs:shed, HEADING, header:ignore, 0, 0, 0
514, aquamirae:shelter, HEADING, header:ignore, 0, 0, 0
515, aquamirae:ship, HEADING, header:ignore, 0, 0, 0
516, aquamirae:ship, MONSTER, minecraft:pillager, 10, 1, 2
517, aquamirae:ship, MONSTER, minecraft:vindicator, 5, 1, 1
518, medieval_buildings:ship, HEADING, header:ignore, 0, 0, 0
519, medievalend:ship, HEADING, header:ignore, 0, 0, 0
520, minecraft:shipwreck, HEADING, header:ignore, 0, 0, 0
521, minecraft:shipwreck, MONSTER, alexsmobs:skelewag, 5, 1, 2
522, minecraft:shipwreck_beached, HEADING, header:ignore, 0, 0, 0
523, minecolonies:shire_colony, HEADING, header:ignore, 0, 0, 0
524, minecolonies:shire_colony, CREATURE, minecraft:cat, 10, 1, 2
525, medievalend:shrine, HEADING, header:ignore, 0, 0, 0
526, legendary_monsters:shulker_tower, HEADING, header:ignore, 0, 0, 0
527, aether:silver_dungeon, HEADING, header:ignore, 0, 0, 0
528, betterdungeons:skeleton_dungeon, HEADING, header:ignore, 0, 0, 0
529, betterdungeons:skeleton_dungeon, MONSTER, minecraft:skeleton, 10, 4, 15
530, legendary_monsters:skeletosaurus_nest, HEADING, header:ignore, 0, 0, 0
531, mss:small_deepslate_house, HEADING, header:ignore, 0, 0, 0
532, betterdungeons:small_dungeon, HEADING, header:ignore, 0, 0, 0
533, mns:small_nether_brick, HEADING, header:ignore, 0, 0, 0
534, betterdungeons:small_nether_dungeon, HEADING, header:ignore, 0, 0, 0
535, mss:small_oak_house, HEADING, header:ignore, 0, 0, 0
536, mvs:small_pillager_tower, HEADING, header:ignore, 0, 0, 0
537, mss:small_pond, HEADING, header:ignore, 0, 0, 0
538, valoria:small_ruin, HEADING, header:ignore, 0, 0, 0
539, mvs:small_ship, HEADING, header:ignore, 0, 0, 0
540, mss:small_tower, HEADING, header:ignore, 0, 0, 0
541, dungeons_arise_seven_seas:small_yacht, HEADING, header:ignore, 0, 0, 0
542, mns:smoking_shrine, HEADING, header:ignore, 0, 0, 0
543, idas:snifferhenge, HEADING, header:ignore, 0, 0, 0
544, revampedvillages:snowy_village, HEADING, header:ignore, 0, 0, 0
545, cataclysm:soul_black_smith, HEADING, header:ignore, 0, 0, 0
546, legendary_monsters:soul_fortress_remains, HEADING, header:ignore, 0, 0, 0
547, betternether:spawn_altar_ladder, HEADING, header:ignore, 0, 0, 0
548, betterdungeons:spider_dungeon, HEADING, header:ignore, 0, 0, 0
549, betterdungeons:spider_dungeon, MONSTER, minecraft:spider, 10, 4, 15
550, betterdungeons:spider_dungeon, MONSTER, minecraft:cave_spider, 10, 4, 8
551, faded_conquest_2:spire, HEADING, header:ignore, 0, 0, 0
552, faded_conquest_2:spire_2, HEADING, header:ignore, 0, 0, 0
553, faded_conquest_2:spire_3, HEADING, header:ignore, 0, 0, 0
554, mss:spruce_huts, HEADING, header:ignore, 0, 0, 0
555, dungeons_enhanced:stables, HEADING, header:ignore, 0, 0, 0
556, mvs:stall/blue_stall, HEADING, header:ignore, 0, 0, 0
557, mvs:stall/orange_stall, HEADING, header:ignore, 0, 0, 0
558, mvs:stall/pink_stall, HEADING, header:ignore, 0, 0, 0
559, mvs:stall/red_stall, HEADING, header:ignore, 0, 0, 0
560, mes:starlight_voyager, HEADING, header:ignore, 0, 0, 0
561, mvs:stone_fountain, HEADING, header:ignore, 0, 0, 0
562, eidolon:stray_tower, HEADING, header:ignore, 0, 0, 0
563, eidolon:stray_tower, MONSTER, minecraft:stray, 10, 1, 5
564, betterstrongholds:stronghold, HEADING, header:ignore, 0, 0, 0
565, integrated_stronghold:stronghold, HEADING, header:ignore, 0, 0, 0
566, integrated_stronghold:stronghold, MONSTER, minecraft:silverfish, 1, 1, 1
567, integrated_stronghold:stronghold, MONSTER, minecraft:enderman, 1, 1, 1
568, integrated_stronghold:stronghold, MONSTER, alexsmobs:underminer, 1, 1, 1
569, minecraft:stronghold, HEADING, header:ignore, 0, 0, 0
570, the_awakening_of_the_elder_souls:sun_and_moon_monument, HEADING, header:ignore, 0, 0, 0
571, the_awakening_of_the_elder_souls:sun_and_moon_sanctuary, HEADING, header:ignore, 0, 0, 0
572, ancient_aether:sun_well, HEADING, header:ignore, 0, 0, 0
573, cataclysm:sunken_city, HEADING, header:ignore, 0, 0, 0
574, idas:sunken_ship/sunken_ship, HEADING, header:ignore, 0, 0, 0
575, idas:sunken_ship/sunken_ship, MONSTER, quark:wraith, 5, 1, 2
576, idas:sunken_ship/sunken_ship_coral, HEADING, header:ignore, 0, 0, 0
577, idas:sunken_ship/sunken_ship_coral, MONSTER, quark:wraith, 5, 1, 2
578, idas:sunken_ship/sunken_ship_ruins, HEADING, header:ignore, 0, 0, 0
579, dungeons_enhanced:sunken_shrine, HEADING, header:ignore, 0, 0, 0
580, mvs:sunzi_gate, HEADING, header:ignore, 0, 0, 0
581, farmers_structures:sushi, HEADING, header:ignore, 0, 0, 0
582, minecraft:swamp_hut, HEADING, header:ignore, 0, 0, 0
583, mss:taiga, HEADING, header:ignore, 0, 0, 0
584, revampedvillages:taiga_village, HEADING, header:ignore, 0, 0, 0
585, dungeons_enhanced:tall_witch_hut, HEADING, header:ignore, 0, 0, 0
586, integrated_villages:tavern_village, HEADING, header:ignore, 0, 0, 0
587, the_awakening_of_the_elder_souls:the_baronof_dragons_prison, HEADING, header:ignore, 0, 0, 0
588, the_awakening_of_the_elder_souls:the_barracks_of_lunar_royality, HEADING, header:ignore, 0, 0, 0
589, the_awakening_of_the_elder_souls:the_elder_sanctuaryofthe_machines, HEADING, header:ignore, 0, 0, 0
590, the_awakening_of_the_elder_souls:the_eternal_sun_arena, HEADING, header:ignore, 0, 0, 0
591, the_awakening_of_the_elder_souls:the_infernal_octagon, HEADING, header:ignore, 0, 0, 0
592, the_awakening_of_the_elder_souls:the_nightfall_altar, HEADING, header:ignore, 0, 0, 0
593, the_awakening_of_the_elder_souls:the_sacred_precint, HEADING, header:ignore, 0, 0, 0
594, the_awakening_of_the_elder_souls:the_towers_of_the_eclipse, HEADING, header:ignore, 0, 0, 0
595, idas:tinkers_citadel, HEADING, header:ignore, 0, 0, 0
596, idas:tinkers_workshop, HEADING, header:ignore, 0, 0, 0
597, medieval_buildings:tower, HEADING, header:ignore, 0, 0, 0
598, apotheosis:tower_leaf, HEADING, header:ignore, 0, 0, 0
599, apotheosis:tower_main, HEADING, header:ignore, 0, 0, 0
600, dungeons_enhanced:tower_of_the_undead, HEADING, header:ignore, 0, 0, 0
601, apotheosis:tower_sand, HEADING, header:ignore, 0, 0, 0
602, apotheosis:tower_spruce, HEADING, header:ignore, 0, 0, 0
603, minecraft:trail_ruins, HEADING, header:ignore, 0, 0, 0
604, idas:train_ruins, HEADING, header:ignore, 0, 0, 0
605, mss:tree_1, HEADING, header:ignore, 0, 0, 0
606, mss:tree_2, HEADING, header:ignore, 0, 0, 0
607, mss:tree_3, HEADING, header:ignore, 0, 0, 0
608, mss:tree_4, HEADING, header:ignore, 0, 0, 0
609, mss:tree_5, HEADING, header:ignore, 0, 0, 0
610, mss:tree_6, HEADING, header:ignore, 0, 0, 0
611, mss:tree_7, HEADING, header:ignore, 0, 0, 0
612, mss:tree_8, HEADING, header:ignore, 0, 0, 0
613, dungeons_enhanced:tree_house, HEADING, header:ignore, 0, 0, 0
614, idas:tree_of_wisdom, HEADING, header:ignore, 0, 0, 0
615, idas:treetop_tavern, HEADING, header:ignore, 0, 0, 0
616, mowziesmobs:umvuthana_grove, HEADING, header:ignore, 0, 0, 0
617, farmers_structures:undergarden_sea, HEADING, header:ignore, 0, 0, 0
618, alexscaves:underground_cabin, HEADING, header:ignore, 0, 0, 0
619, idas:underground_camp/underground_camp, HEADING, header:ignore, 0, 0, 0
620, idas:underground_camp/underground_camp_deep, HEADING, header:ignore, 0, 0, 0
621, dungeons_arise_seven_seas:unicorn_galleon, HEADING, header:ignore, 0, 0, 0
622, ancient_aether:valkyrie_camp_skyroot, HEADING, header:ignore, 0, 0, 0
623, ancient_aether:valkyrie_camp_wyndcaps, HEADING, header:ignore, 0, 0, 0
624, ancient_aether:valkyrie_settlement_skyroot, HEADING, header:ignore, 0, 0, 0
625, mns:very_small_blackstone, HEADING, header:ignore, 0, 0, 0
626, mns:very_small_blackstone_2, HEADING, header:ignore, 0, 0, 0
627, mns:very_small_blackstone_3, HEADING, header:ignore, 0, 0, 0
628, mns:very_small_blackstone_4, HEADING, header:ignore, 0, 0, 0
629, mns:very_small_nether_brick, HEADING, header:ignore, 0, 0, 0
630, mns:very_small_nether_brick_2, HEADING, header:ignore, 0, 0, 0
631, mns:very_small_nether_brick_3, HEADING, header:ignore, 0, 0, 0
632, dungeons_arise_seven_seas:victory_frigate, HEADING, header:ignore, 0, 0, 0
633, biomeswevegone:village/forgotten, HEADING, header:ignore, 0, 0, 0
634, biomeswevegone:village/pumpkin_patch, HEADING, header:ignore, 0, 0, 0
635, biomeswevegone:village/red_rock, HEADING, header:ignore, 0, 0, 0
636, biomeswevegone:village/salem, HEADING, header:ignore, 0, 0, 0
637, biomeswevegone:village/skyris, HEADING, header:ignore, 0, 0, 0
638, minecraft:village_desert, HEADING, header:ignore, 0, 0, 0
639, minecraft:village_plains, HEADING, header:ignore, 0, 0, 0
640, minecraft:village_savanna, HEADING, header:ignore, 0, 0, 0
641, minecraft:village_snowy, HEADING, header:ignore, 0, 0, 0
642, minecraft:village_taiga, HEADING, header:ignore, 0, 0, 0
643, bosses_of_mass_destruction:void_blossom, HEADING, header:ignore, 0, 0, 0
644, alexscaves:volcano, HEADING, header:ignore, 0, 0, 0
645, mss:volcano, HEADING, header:ignore, 0, 0, 0
646, legendary_monsters:warped_fungussus_nest, HEADING, header:ignore, 0, 0, 0
647, mns:warped_pool, HEADING, header:ignore, 0, 0, 0
648, minecolonies:warpednetherlands_colony, HEADING, header:ignore, 0, 0, 0
649, minecolonies:warpednetherlands_colony, CREATURE, minecraft:cat, 10, 1, 2
650, idas:washing_camp, HEADING, header:ignore, 0, 0, 0
651, dungeons_enhanced:watch_tower, HEADING, header:ignore, 0, 0, 0
652, supplementaries:way_sign, HEADING, header:ignore, 0, 0, 0
653, mvs:well/rare_well, HEADING, header:ignore, 0, 0, 0
654, mvs:well/small_copper_well, HEADING, header:ignore, 0, 0, 0
655, mvs:well/small_tower_well, HEADING, header:ignore, 0, 0, 0
656, mvs:well/small_well, HEADING, header:ignore, 0, 0, 0
657, mvs:well/well, HEADING, header:ignore, 0, 0, 0
658, mvs:well/wells/acacia_well, HEADING, header:ignore, 0, 0, 0
659, mvs:well/wells/birch_well, HEADING, header:ignore, 0, 0, 0
660, mvs:well/wells/dark_oak_well, HEADING, header:ignore, 0, 0, 0
661, mvs:well/wells/desert_well, HEADING, header:ignore, 0, 0, 0
662, mvs:well/wells/end_well, HEADING, header:ignore, 0, 0, 0
663, mvs:well/wells/jungle_well, HEADING, header:ignore, 0, 0, 0
664, mvs:well/wells/mushroom_well, HEADING, header:ignore, 0, 0, 0
665, mvs:well/wells/nether_well, HEADING, header:ignore, 0, 0, 0
666, mvs:well/wells/oak_well, HEADING, header:ignore, 0, 0, 0
667, mvs:well/wells/rocky_well, HEADING, header:ignore, 0, 0, 0
668, mvs:well/wells/snowy_well, HEADING, header:ignore, 0, 0, 0
669, mvs:well/wells/spruce_well, HEADING, header:ignore, 0, 0, 0
670, mss:white_house, HEADING, header:ignore, 0, 0, 0
671, idas:winter_wagon, HEADING, header:ignore, 0, 0, 0
672, betterwitchhuts:witch_circle, HEADING, header:ignore, 0, 0, 0
673, betterwitchhuts:witch_circle, MONSTER, minecraft:witch, 1, 1, 1
674, betterwitchhuts:witch_circle, CREATURE, minecraft:cat, 1, 1, 1
675, betterwitchhuts:witch_hut, HEADING, header:ignore, 0, 0, 0
676, betterwitchhuts:witch_hut, MONSTER, minecraft:witch, 1, 1, 1
677, betterwitchhuts:witch_hut, CREATURE, minecraft:cat, 1, 1, 1
678, dungeons_enhanced:witch_tower, HEADING, header:ignore, 0, 0, 0
679, idas:witches_treestump, HEADING, header:ignore, 0, 0, 0
680, idas:witches_treestump, MONSTER, minecraft:witch, 1, 1, 1
681, idas:witches_treestump, CREATURE, minecraft:cat, 1, 1, 1
682, idas:wizard_tower, HEADING, header:ignore, 0, 0, 0
683, mowziesmobs:wrought_chamber, HEADING, header:ignore, 0, 0, 0
684, betterdungeons:zombie_dungeon, HEADING, header:ignore, 0, 0, 0
685, betterdungeons:zombie_dungeon, MONSTER, minecraft:zombie, 10, 4, 15
